type octile
height 40
width 26
map
..........................
..........................
..........................
..........................
...@@.@@@@@@@@@@@@@@.@@...
...@..@............@..@...
...@..@............@..@...
...@..@@@@@@@@@@@@@@..@...
...@..................@...
...@..................@...
..........................
...@..................@...
...@..................@...
...@..................@...
...@..................@...
...@..................@...
..........................
...@..................@...
...@..................@...
...@..................@...
...@..................@...
...@..................@...
..........................
...@..................@...
...@..................@...
...@..................@...
...@..................@...
...@..................@...
...@@@@@..........@@@@@...
..........................
..........................
..........................
..........................
..........................
..........................
..........................
..........................
..........................
..........................
..........................
