type octile
height 34
width 137
map
.........................................................................................................................................
.........................................................................................................................................
.........................................................................................................................................
.........................................................................................................................................
.........................................................................................................................................
..........@@@@@@@@@@@@@@@@@@@@@@@@@@@@@@@@@@@@@...@@@@@@@@@@@@@@@@@@@@@@@@@@@@@@@@@@@@@...@@@@@@@@@@@@@@@@@@@@@@@@@@@@@@@@@@@@@..........
..........@...........@...........@...........@...@...................................@...@...........@...........@...........@..........
..........@.@@@@@@@@@@@....@@.....@...........@...@........@...@...@...@...@...@......@...@.@.@.@.@.@.@..@@@..@@@.@...........@..........
..........@...........@....@@.....@...........@...@........@...@...@...@...@...@......@...@.@.@.@.@.@.@.....@.....@.@@@@@@@@@.@..........
..........@...........@...........@...........@...@...................................@...@...........@...........@...........@..........
..........@@@@@...@@@@@@@@@...@@@@@@@@@...@@@@@..@@@@@@...@@@@@@@@@@@@@@@@@@@@@...@@@@@..@@@@@@...@@@@@@@@@...@@@@@@@@@...@@@@@..........
.........................................................................................................................................
..........@...................................................................................................................@..........
..........@@@@@@@@@@@@@@@@@@@@@@@@@@@@@@@@@@@@@...@@@@@@@@@@@@@...........@@@@@@@@@@@@@...@@@@@@@@@@@@@@@@@@@@@@@@@@@@@@@@@@@@@..........
..........@...........@...........@...........@...@...........@...........@...........@...@...........@...........@...........@..........
..........@...........@...........@...........@...@...................................@...@...........@...........@...........@..........
..........@...........@...........@...........@...@...................................@...@...........@...........@...........@..........
..........@...........@...........@...........@...@...........@...........@...........@...@...........@...........@...........@..........
..........@@@@@...@@@@@@@@@...@@@@@@@@@...@@@@@...@@@@@@@@@@@@@...........@@@@@@@@@@@@@...@@@@@...@@@@@@@@@...@@@@@@@@@...@@@@@..........
..........@...................................................................................................................@..........
.........................................................................................................................................
.........................................................................................................................................
..........@...................................................................................................................@..........
..........@@@@@...@@@@@@@@@...@@@@@@@@@...@@@@@..@@@@@@...@@@@@...........@@@@@...@@@@@..@@@@@@...@@@@@@@@@...@@@@@@@@@...@@@@@..........
..........@...........@...........@...........@...@...........@...........@...........@...@...........@...........@...........@..........
..........@.@.@.@.@.@.@..@@@..@@@.@...........@...@...........@...........@...........@...@...........@...........@...........@..........
..........@.@.@.@.@.@.@.....@.....@.@@@@@@@@@.@...@.@.@.@.@.@.@...........@.@.@.@.@.@.@...@...........@...........@...........@..........
..........@...........@...........@...........@...@.@.@.@.@.@.@...........@.@.@.@.@.@.@...@...........@...........@...........@..........
..........@@@@@@@@@@@@@@@@@@@@@@@@@@@@@@@@@@@@@...@@@@@@@@@@@@@...........@@@@@@@@@@@@@...@@@@@@@@@@@@@@@@@@@@@@@@@@@@@@@@@@@@@..........
.........................................................................................................................................
.........................................................................................................................................
.........................................................................................................................................
.........................................................................................................................................
.........................................................................................................................................
